The target architecture is set to "riscv:rv64".
0x0000000000001000 in ?? ()
pc             0x1000	0x1000
sp             0x0	0x0
Breakpoint 1 at 0x80200000: file kern/init/entry.S, line 7.

OpenSBI v1.3
   ____                    _____ ____ _____
  / __ \                  / ____|  _ \_   _|
 | |  | |_ __   ___ _ __ | (___ | |_) || |
 | |  | | '_ \ / _ \ '_ \ \___ \|  _ < | |
 | |__| | |_) |  __/ | | |____) | |_) || |_
  \____/| .__/ \___|_| |_|_____/|___/_____|
        | |
        |_|

Platform Name             : riscv-virtio,qemu
Platform Features         : medeleg
Platform HART Count       : 1
Platform IPI Device       : aclint-mswi
Platform Timer Device     : aclint-mtimer @ 10000000Hz
Platform Console Device   : semihosting
Platform HSM Device       : ---
Platform PMU Device       : ---
Platform Reboot Device    : sifive_test
Platform Shutdown Device  : sifive_test
Platform Suspend Device   : ---
Platform CPPC Device      : ---
Firmware Base             : 0x80000000
Firmware Size             : 194 KB
Firmware RW Offset        : 0x20000
Firmware RW Size          : 66 KB
Firmware Heap Offset      : 0x28000
Firmware Heap Size        : 34 KB (total), 2 KB (reserved), 9 KB (used), 22 KB (free)
Firmware Scratch Size     : 4096 B (total), 760 B (used), 3336 B (free)
Runtime SBI Version       : 1.0

Domain0 Name              : root
Domain0 Boot HART         : 0
Domain0 HARTs             : 0*
Domain0 Region00          : 0x0000000002000000-0x000000000200ffff M: (I,R,W) S/U: ()
Domain0 Region01          : 0x0000000080000000-0x000000008001ffff M: (R,X) S/U: ()
Domain0 Region02          : 0x0000000080020000-0x000000008003ffff M: (R,W) S/U: ()
Domain0 Region03          : 0x0000000000000000-0xffffffffffffffff M: (R,W,X) S/U: (R,W,X)
Domain0 Next Address      : 0x0000000080200000
Domain0 Next Arg1         : 0x0000000087000000
Domain0 Next Mode         : S-mode
Domain0 SysReset          : yes
Domain0 SysSuspend        : yes

Boot HART ID              : 0
Boot HART Domain          : root
Boot HART Priv Version    : v1.10
Boot HART Base ISA        : rv64imafdc
Boot HART ISA Extensions  : time
Boot HART PMP Count       : 16
Boot HART PMP Granularity : 4
Boot HART PMP Address Bits: 54
Boot HART MHPM Count      : 0
Boot HART MIDELEG         : 0x0000000000000222
Boot HART MEDELEG         : 0x000000000000b109

Breakpoint 1, kern_entry () at kern/init/entry.S:7
7	    la sp, bootstacktop
pc             0x80200000	0x80200000 <kern_entry>
sp             0x80026eb0	0x80026eb0
=> 0x80200000 <kern_entry>:	auipc	sp,0x3
   0x80200004 <kern_entry+4>:	mv	sp,sp
   0x80200008 <kern_entry+8>:	j	0x8020000a <kern_init>
0x0000000080200004 in kern_entry () at kern/init/entry.S:7
7	    la sp, bootstacktop
pc             0x80200004	0x80200004 <kern_entry+4>
sp             0x80203000	0x80203000 <SBI_CONSOLE_PUTCHAR>
9	    tail kern_init
pc             0x80200008	0x80200008 <kern_entry+8>
sp             0x80203000	0x80203000 <SBI_CONSOLE_PUTCHAR>
$1 = 0x80201000
$2 = 0x80203000
SBI_CONSOLE_PUTCHAR in section .sdata
kern_init () at kern/init/init.c:8
8	    memset(edata, 0, end - edata);
pc             0x8020000a	0x8020000a <kern_init>
sp             0x80203000	0x80203000 <SBI_CONSOLE_PUTCHAR>
Breakpoint 2 at 0x802004b6: file libs/string.c, line 275.

Breakpoint 2, memset (s=0x80203008, c=c@entry=0 '\000', n=0) at libs/string.c:275
275	    while (n -- > 0) {
a0             0x80203008	2149593096
a1             0x0	0
a2             0x0	0
$3 = 0x80203008
$4 = 0x80203008
'end' has unknown type; cast it to its declared type
Breakpoint 3 at 0x8020003a: file kern/init/init.c, line 12.
(THU.CST) os is loading ...



Breakpoint 3, kern_init () at kern/init/init.c:12
12	   while (1)
pc             0x8020003a	0x8020003a <kern_init+48>
sp             0x80202ff0	0x80202ff0
Warning: 'set logging off', an alias for the command 'set logging enabled', is deprecated.
Use 'set logging enabled off'.

